I: Using Apktool 3.0.2 on base.apk with 8 threads
I: Baksmaling classes10.dex...
I: Baksmaling classes.dex...
I: Baksmaling classes11.dex...
I: Baksmaling classes12.dex...
I: Baksmaling classes13.dex...
I: Baksmaling classes14.dex...
I: Loading resource table...
I: Baksmaling classes2.dex...
I: Decoding value resources...
I: Loading resource table from file: C:\Users\rajku\AppData\Local\apktool\framework\1.apk
I: Decoding file resources...
I: Baksmaling classes3.dex...
I: Baksmaling classes4.dex...
I: Generating values XMLs...
I: Decoding AndroidManifest.xml with resources...
I: Baksmaling classes5.dex...
I: Baksmaling classes6.dex...
I: Baksmaling classes7.dex...
I: Baksmaling classes8.dex...
I: Baksmaling classes9.dex...
I: Copying original files...
I: Copying assets...
I: Copying unknown files...
