INFO:     Started server process [38720]
INFO:     Waiting for application startup.
INFO:     Application startup complete.
INFO:     Uvicorn running on http://127.0.0.1:8008 (Press CTRL+C to quit)
discarding closed connection: <psycopg.Connection [BAD] at 0x20753414950>
ERROR:    Exception in ASGI application
Traceback (most recent call last):
  File "C:\Users\rajku\AppData\Roaming\Python\Python311\site-packages\uvicorn\protocols\http\httptools_impl.py", line 422, in run_asgi
    result = await app(  # type: ignore[func-returns-value]
             ^^^^^^^^^^^^^^^^^^^^^^^^^^^^^^^^^^^^^^^^^^^^^^
  File "C:\Users\rajku\AppData\Roaming\Python\Python311\site-packages\uvicorn\middleware\proxy_headers.py", line 63, in __call__
    return await self.app(scope, receive, send)
           ^^^^^^^^^^^^^^^^^^^^^^^^^^^^^^^^^^^^
  File "C:\Users\rajku\AppData\Roaming\Python\Python311\site-packages\fastapi\applications.py", line 1215, in __call__
    await super().__call__(scope, receive, send)
  File "C:\Users\rajku\AppData\Roaming\Python\Python311\site-packages\starlette\applications.py", line 96, in __call__
    await self.middleware_stack(scope, receive, send)
  File "C:\Users\rajku\AppData\Roaming\Python\Python311\site-packages\starlette\middleware\errors.py", line 186, in __call__
    raise exc
  File "C:\Users\rajku\AppData\Roaming\Python\Python311\site-packages\starlette\middleware\errors.py", line 164, in __call__
    await self.app(scope, receive, _send)
  File "C:\Users\rajku\AppData\Roaming\Python\Python311\site-packages\fastapi\telemetry\_asgi.py", line 151, in __call__
    await self.app(scope, receive, send)
  File "C:\Users\rajku\AppData\Roaming\Python\Python311\site-packages\starlette\middleware\exceptions.py", line 63, in __call__
    await wrap_app_handling_exceptions(self.app, conn)(scope, receive, send)
  File "C:\Users\rajku\AppData\Roaming\Python\Python311\site-packages\starlette\_exception_handler.py", line 53, in wrapped_app
    raise exc
  File "C:\Users\rajku\AppData\Roaming\Python\Python311\site-packages\starlette\_exception_handler.py", line 42, in wrapped_app
    await app(scope, receive, sender)
  File "C:\Users\rajku\AppData\Roaming\Python\Python311\site-packages\fastapi\middleware\asyncexitstack.py", line 18, in __call__
    await self.app(scope, receive, send)
  File "C:\Users\rajku\AppData\Roaming\Python\Python311\site-packages\starlette\routing.py", line 676, in __call__
    await self.middleware_stack(scope, receive, send)
  File "C:\Users\rajku\AppData\Roaming\Python\Python311\site-packages\fastapi\routing.py", line 2786, in app
    await route.handle(scope, receive, send)
  File "C:\Users\rajku\AppData\Roaming\Python\Python311\site-packages\fastapi\routing.py", line 1310, in handle
    await super().handle(scope, receive, send)
  File "C:\Users\rajku\AppData\Roaming\Python\Python311\site-packages\starlette\routing.py", line 282, in handle
    await self.app(scope, receive, send)
  File "C:\Users\rajku\AppData\Roaming\Python\Python311\site-packages\fastapi\routing.py", line 165, in app
    await wrap_app_handling_exceptions(app, request)(scope, receive, send)
  File "C:\Users\rajku\AppData\Roaming\Python\Python311\site-packages\starlette\_exception_handler.py", line 53, in wrapped_app
    raise exc
  File "C:\Users\rajku\AppData\Roaming\Python\Python311\site-packages\starlette\_exception_handler.py", line 42, in wrapped_app
    await app(scope, receive, sender)
  File "C:\Users\rajku\AppData\Roaming\Python\Python311\site-packages\fastapi\routing.py", line 151, in app
    response = await f(request)
               ^^^^^^^^^^^^^^^^
  File "C:\Users\rajku\AppData\Roaming\Python\Python311\site-packages\fastapi\routing.py", line 727, in app
    raw_response = await run_endpoint_function(
                   ^^^^^^^^^^^^^^^^^^^^^^^^^^^^
  File "C:\Users\rajku\AppData\Roaming\Python\Python311\site-packages\fastapi\routing.py", line 362, in run_endpoint_function
    return await run_in_threadpool(
           ^^^^^^^^^^^^^^^^^^^^^^^^
  File "C:\Users\rajku\AppData\Roaming\Python\Python311\site-packages\starlette\concurrency.py", line 34, in run_in_threadpool
    return await anyio.to_thread.run_sync(func)
           ^^^^^^^^^^^^^^^^^^^^^^^^^^^^^^^^^^^^
  File "C:\Users\rajku\AppData\Roaming\Python\Python311\site-packages\anyio\to_thread.py", line 65, in run_sync
    return await get_async_backend().run_sync_in_worker_thread(
           ^^^^^^^^^^^^^^^^^^^^^^^^^^^^^^^^^^^^^^^^^^^^^^^^^^^^
  File "C:\Users\rajku\AppData\Roaming\Python\Python311\site-packages\anyio\_backends\_asyncio.py", line 2706, in run_sync_in_worker_thread
    return await future
           ^^^^^^^^^^^^
  File "C:\Users\rajku\AppData\Roaming\Python\Python311\site-packages\anyio\_backends\_asyncio.py", line 1100, in run
    result = context.run(func, *args)
             ^^^^^^^^^^^^^^^^^^^^^^^^
  File "C:\Users\rajku\AppData\Roaming\Python\Python311\site-packages\fastapi\telemetry\_api.py", line 240, in _run_sync_endpoint
    return function(**arguments)
           ^^^^^^^^^^^^^^^^^^^^^
  File "C:\Users\rajku\Documents\eci rev eng\work\old_eci\app.py", line 157, in summary
    parts = db.q("""
            ^^^^^^^^
  File "C:\Users\rajku\Documents\eci rev eng\work\old_eci\db.py", line 91, in q
    cur.execute(sql, params or ())
  File "C:\Users\rajku\AppData\Roaming\Python\Python311\site-packages\psycopg\cursor.py", line 117, in execute
    raise ex.with_traceback(None)
psycopg.OperationalError: consuming input failed: server closed the connection unexpectedly
	This probably means the server terminated abnormally
	before or while processing the request.
server closed the connection unexpectedly
	This probably means the server terminated abnormally
	before or while processing the request.
error ignored terminating <psycopg.Pipeline [BAD] at 0x207537b4a10>: the connection is lost
discarding closed connection: <psycopg.Connection [BAD] at 0x2075380a810>
discarding closed connection: <psycopg.Connection [BAD] at 0x207535b0a90>
